2443 [main] INFO  com.baeldung.logback.tests - it is a file logger
2437 [main] INFO  com.baeldung.logback.tests - it is a file logger
2283 [main] INFO  com.baeldung.logback.tests - it is a file logger
2215 [main] INFO  com.baeldung.logback.tests - it is a file logger
